// Jest Snapshot v1, https://goo.gl/fbAQLP

exports[`VAlert snapshot 1`] = `"<div class=\\"foo\\">this is an alert</div>"`;
